Val {
    ir: ExtractStructField {
        struct_value: ExtractStructField {
            struct_value: IrWireRead {
                path: "top"."submodule"."io.d.0",
                value_type: IrStructType {
                    fields: [
                        IrStructFieldType {
                            name: "a",
                            ty: IrBitVectorType {
                                bit_count: 1,
                                signed: false,
                            },
                        },
                        IrStructFieldType {
                            name: "b",
                            ty: IrStructType {
                                fields: [],
                            },
                        },
                        IrStructFieldType {
                            name: "c",
                            ty: IrStructType {
                                fields: [
                                    IrStructFieldType {
                                        name: "0",
                                        ty: IrBitVectorType {
                                            bit_count: 1,
                                            signed: false,
                                        },
                                    },
                                    IrStructFieldType {
                                        name: "1",
                                        ty: IrBitVectorType {
                                            bit_count: 8,
                                            signed: true,
                                        },
                                    },
                                ],
                            },
                        },
                    ],
                },
                ..
            },
            struct_field_type: IrStructFieldType {
                name: "c",
                ty: IrStructType {
                    fields: [
                        IrStructFieldType {
                            name: "0",
                            ty: IrBitVectorType {
                                bit_count: 1,
                                signed: false,
                            },
                        },
                        IrStructFieldType {
                            name: "1",
                            ty: IrBitVectorType {
                                bit_count: 8,
                                signed: true,
                            },
                        },
                    ],
                },
            },
            field_index: 2,
            ..
        },
        struct_field_type: IrStructFieldType {
            name: "1",
            ty: IrBitVectorType {
                bit_count: 8,
                signed: true,
            },
        },
        field_index: 1,
        ..
    },
    value_type: ValueType(
        IrBitVectorType {
            bit_count: 8,
            signed: true,
        },
    ),
}