IrModule {
    path: "top"."submodule",
    source_location: SourceLocation($FILE, $LINE-2, 9),
    parent: "top",
    interface_types: [
        Input(
            IrBitVectorType {
                bit_count: 1,
            },
        ),
        Output(
            IrBitVectorType {
                bit_count: 1,
            },
        ),
        Output(
            IrStructType {
                fields: [
                    IrStructFieldType {
                        name: "a",
                        ty: IrBitVectorType {
                            bit_count: 1,
                        },
                    },
                    IrStructFieldType {
                        name: "b",
                        ty: IrStructType {
                            fields: [],
                        },
                    },
                    IrStructFieldType {
                        name: "c",
                        ty: IrStructType {
                            fields: [
                                IrStructFieldType {
                                    name: "0",
                                    ty: IrBitVectorType {
                                        bit_count: 1,
                                    },
                                },
                                IrStructFieldType {
                                    name: "1",
                                    ty: IrBitVectorType {
                                        bit_count: 8,
                                    },
                                },
                            ],
                        },
                    },
                ],
            },
        ),
    ],
    interface: [
        Input(
            IrModuleInputData {
                external_value: Input {
                    value: LiteralBits {
                        bit_count: 1,
                        value: 0x0,
                    },
                },
                module_input: IrModuleInput {
                    module: "top"."submodule",
                    index: 0,
                    path: "io.a",
                    value_type: IrBitVectorType {
                        bit_count: 1,
                    },
                },
            },
        ),
        Output(
            IrModuleOutputData {
                output_read: IrOutputRead(
                    IrOutputReadData {
                        module: "top",
                        value_type: IrBitVectorType {
                            bit_count: 1,
                        },
                        write_data: IrOutputWriteData {
                            writing_module: "top"."submodule",
                            index: 1,
                        },
                    },
                ),
                wire: IrWire {
                    path: "top"."submodule"."io.b",
                    source_location: SourceLocation($FILE, $LINE-2, 9),
                    value_type: IrBitVectorType {
                        bit_count: 1,
                    },
                    assigned_value: <None>,
                    ..
                },
            },
        ),
        Output(
            IrModuleOutputData {
                output_read: IrOutputRead(
                    IrOutputReadData {
                        module: "top",
                        value_type: IrStructType {
                            fields: [
                                IrStructFieldType {
                                    name: "a",
                                    ty: IrBitVectorType {
                                        bit_count: 1,
                                    },
                                },
                                IrStructFieldType {
                                    name: "b",
                                    ty: IrStructType {
                                        fields: [],
                                    },
                                },
                                IrStructFieldType {
                                    name: "c",
                                    ty: IrStructType {
                                        fields: [
                                            IrStructFieldType {
                                                name: "0",
                                                ty: IrBitVectorType {
                                                    bit_count: 1,
                                                },
                                            },
                                            IrStructFieldType {
                                                name: "1",
                                                ty: IrBitVectorType {
                                                    bit_count: 8,
                                                },
                                            },
                                        ],
                                    },
                                },
                            ],
                        },
                        write_data: IrOutputWriteData {
                            writing_module: "top"."submodule",
                            index: 2,
                        },
                    },
                ),
                wire: IrWire {
                    path: "top"."submodule"."io.d.0",
                    source_location: SourceLocation($FILE, $LINE-2, 9),
                    value_type: IrStructType {
                        fields: [
                            IrStructFieldType {
                                name: "a",
                                ty: IrBitVectorType {
                                    bit_count: 1,
                                },
                            },
                            IrStructFieldType {
                                name: "b",
                                ty: IrStructType {
                                    fields: [],
                                },
                            },
                            IrStructFieldType {
                                name: "c",
                                ty: IrStructType {
                                    fields: [
                                        IrStructFieldType {
                                            name: "0",
                                            ty: IrBitVectorType {
                                                bit_count: 1,
                                            },
                                        },
                                        IrStructFieldType {
                                            name: "1",
                                            ty: IrBitVectorType {
                                                bit_count: 8,
                                            },
                                        },
                                    ],
                                },
                            },
                        ],
                    },
                    assigned_value: <None>,
                    ..
                },
            },
        ),
    ],
    wires: {
        "io.b": IrWire {
            source_location: SourceLocation($FILE, $LINE-2, 9),
            value_type: IrBitVectorType {
                bit_count: 1,
            },
            assigned_value: <None>,
            ..
        },
        "io.d.0": IrWire {
            source_location: SourceLocation($FILE, $LINE-2, 9),
            value_type: IrStructType {
                fields: [
                    IrStructFieldType {
                        name: "a",
                        ty: IrBitVectorType {
                            bit_count: 1,
                        },
                    },
                    IrStructFieldType {
                        name: "b",
                        ty: IrStructType {
                            fields: [],
                        },
                    },
                    IrStructFieldType {
                        name: "c",
                        ty: IrStructType {
                            fields: [
                                IrStructFieldType {
                                    name: "0",
                                    ty: IrBitVectorType {
                                        bit_count: 1,
                                    },
                                },
                                IrStructFieldType {
                                    name: "1",
                                    ty: IrBitVectorType {
                                        bit_count: 8,
                                    },
                                },
                            ],
                        },
                    },
                ],
            },
            assigned_value: <None>,
            ..
        },
    },
    registers: {},
    ..
}