IrModule {
    path: "top",
    source_location: SourceLocation($FILE, $LINE-2, 9),
    parent: <None>,
    interface_types: [],
    interface: [],
    wires: {
        "_wire": IrWire {
            source_location: SourceLocation($FILE, $LINE-1, 9),
            value_type: IrStructType {
                fields: [
                    IrStructFieldType {
                        name: "a",
                        ty: IrBitVectorType {
                            bit_count: 1,
                            signed: false,
                        },
                    },
                    IrStructFieldType {
                        name: "b",
                        ty: IrStructType {
                            fields: [],
                            flattened: IrBitVectorType {
                                bit_count: 0,
                                signed: false,
                            },
                        },
                    },
                    IrStructFieldType {
                        name: "c",
                        ty: IrStructType {
                            fields: [
                                IrStructFieldType {
                                    name: "0",
                                    ty: IrBitVectorType {
                                        bit_count: 1,
                                        signed: false,
                                    },
                                },
                                IrStructFieldType {
                                    name: "1",
                                    ty: IrBitVectorType {
                                        bit_count: 8,
                                        signed: true,
                                    },
                                },
                            ],
                            flattened: IrBitVectorType {
                                bit_count: 9,
                                signed: true,
                            },
                        },
                    },
                ],
                flattened: IrBitVectorType {
                    bit_count: 10,
                    signed: true,
                },
            },
            assigned_value: <None>,
            ..
        },
    },
    registers: {},
    ..
}