IrModule {
    path: "top",
    source_location: SourceLocation($FILE, $LINE-10, 9),
    parent: <None>,
    interface_types: [],
    interface: [],
    wires: {
        "_wire": IrWire {
            source_location: SourceLocation($FILE, $LINE-9, 9),
            value_type: IrAggregateType {
                discriminant_type: IrBitVectorType {
                    bit_count: 0,
                    signed: false,
                },
                variants: [
                    IrVariantType {
                        name: "",
                        discriminant: LiteralBits {
                            value: 0x0_u0,
                        },
                        fields: [
                            IrFieldType {
                                name: "a",
                                ty: IrBitVectorType {
                                    bit_count: 1,
                                    signed: false,
                                },
                            },
                            IrFieldType {
                                name: "b",
                                ty: IrAggregateType {
                                    discriminant_type: IrBitVectorType {
                                        bit_count: 0,
                                        signed: false,
                                    },
                                    variants: [
                                        IrVariantType {
                                            name: "",
                                            discriminant: LiteralBits {
                                                value: 0x0_u0,
                                            },
                                            fields: [],
                                            flattened_fields: IrBitVectorType {
                                                bit_count: 0,
                                                signed: false,
                                            },
                                        },
                                    ],
                                    flattened_fields: IrBitVectorType {
                                        bit_count: 0,
                                        signed: false,
                                    },
                                },
                            },
                            IrFieldType {
                                name: "c",
                                ty: IrAggregateType {
                                    discriminant_type: IrBitVectorType {
                                        bit_count: 0,
                                        signed: false,
                                    },
                                    variants: [
                                        IrVariantType {
                                            name: "",
                                            discriminant: LiteralBits {
                                                value: 0x0_u0,
                                            },
                                            fields: [
                                                IrFieldType {
                                                    name: "0",
                                                    ty: IrBitVectorType {
                                                        bit_count: 1,
                                                        signed: false,
                                                    },
                                                },
                                                IrFieldType {
                                                    name: "1",
                                                    ty: IrBitVectorType {
                                                        bit_count: 8,
                                                        signed: true,
                                                    },
                                                },
                                            ],
                                            flattened_fields: IrBitVectorType {
                                                bit_count: 9,
                                                signed: true,
                                            },
                                        },
                                    ],
                                    flattened_fields: IrBitVectorType {
                                        bit_count: 9,
                                        signed: true,
                                    },
                                },
                            },
                        ],
                        flattened_fields: IrBitVectorType {
                            bit_count: 10,
                            signed: true,
                        },
                    },
                ],
                flattened_fields: IrBitVectorType {
                    bit_count: 10,
                    signed: true,
                },
            },
            assigned_value: <None>,
            ..
        },
    },
    registers: {},
    ..
}