Reg {
    ir: IrReg {
        path: "top"."reg",
        source_location: SourceLocation($FILE, $LINE-2, 9),
        value_type: IrBitVectorType {
            bit_count: 1,
        },
        data_in: <None>,
        clk: ExtractStructField {
            struct_value: IrModuleInput {
                module: "top",
                index: 0,
                path: "io.cd",
                value_type: IrStructType {
                    fields: [
                        IrStructFieldType {
                            name: "clk",
                            ty: IrBitVectorType {
                                bit_count: 1,
                            },
                        },
                        IrStructFieldType {
                            name: "rst",
                            ty: IrBitVectorType {
                                bit_count: 1,
                            },
                        },
                    ],
                },
            },
            struct_field_type: IrStructFieldType {
                name: "clk",
                ty: IrBitVectorType {
                    bit_count: 1,
                },
            },
            field_index: 0,
            ..
        },
        reset_enable: ExtractStructField {
            struct_value: IrModuleInput {
                module: "top",
                index: 0,
                path: "io.cd",
                value_type: IrStructType {
                    fields: [
                        IrStructFieldType {
                            name: "clk",
                            ty: IrBitVectorType {
                                bit_count: 1,
                            },
                        },
                        IrStructFieldType {
                            name: "rst",
                            ty: IrBitVectorType {
                                bit_count: 1,
                            },
                        },
                    ],
                },
            },
            struct_field_type: IrStructFieldType {
                name: "rst",
                ty: IrBitVectorType {
                    bit_count: 1,
                },
            },
            field_index: 1,
            ..
        },
        reset_value: LiteralBits {
            bit_count: 1,
            value: 0x0,
        },
        ..
    },
    ..
}