IrModule {
    path: "top",
    source_location: SourceLocation($FILE, $LINE-2, 9),
    parent: <None>,
    interface_types: [
        Input(
            IrStructType {
                fields: [
                    IrStructFieldType {
                        name: "clk",
                        ty: BitVector {
                            bit_count: 1,
                        },
                    },
                    IrStructFieldType {
                        name: "rst",
                        ty: BitVector {
                            bit_count: 1,
                        },
                    },
                ],
            },
        ),
        Output(
            BitVector {
                bit_count: 1,
            },
        ),
        Input(
            BitVector {
                bit_count: 1,
            },
        ),
    ],
    interface: [
        Input(
            IrModuleInputData {
                external_value: ExternalInput {
                    value_type: IrStructType {
                        fields: [
                            IrStructFieldType {
                                name: "clk",
                                ty: BitVector {
                                    bit_count: 1,
                                },
                            },
                            IrStructFieldType {
                                name: "rst",
                                ty: BitVector {
                                    bit_count: 1,
                                },
                            },
                        ],
                    },
                },
                module_input: IrModuleInput {
                    module: "top",
                    index: 0,
                    path: "io.cd",
                    value_type: IrStructType {
                        fields: [
                            IrStructFieldType {
                                name: "clk",
                                ty: BitVector {
                                    bit_count: 1,
                                },
                            },
                            IrStructFieldType {
                                name: "rst",
                                ty: BitVector {
                                    bit_count: 1,
                                },
                            },
                        ],
                    },
                },
            },
        ),
        Output(
            IrWire {
                path: "top"."io.output",
                source_location: SourceLocation($FILE, $LINE-2, 9),
                value_type: BitVector {
                    bit_count: 1,
                },
                assigned_value: <None>,
                ..
            },
        ),
        Input(
            IrModuleInputData {
                external_value: ExternalInput {
                    value_type: BitVector {
                        bit_count: 1,
                    },
                },
                module_input: IrModuleInput {
                    module: "top",
                    index: 2,
                    path: "io.input",
                    value_type: BitVector {
                        bit_count: 1,
                    },
                },
            },
        ),
    ],
    wires: {
        "io.output": IrWire {
            source_location: SourceLocation($FILE, $LINE-2, 9),
            value_type: BitVector {
                bit_count: 1,
            },
            assigned_value: <None>,
            ..
        },
    },
    registers: {
        "reg": IrReg {
            source_location: SourceLocation($FILE, $LINE-1, 9),
            value_type: BitVector {
                bit_count: 1,
            },
            data_in: <None>,
            clk: ExtractStructField {
                struct_value: IrModuleInput {
                    module: "top",
                    index: 0,
                    path: "io.cd",
                    value_type: IrStructType {
                        fields: [
                            IrStructFieldType {
                                name: "clk",
                                ty: BitVector {
                                    bit_count: 1,
                                },
                            },
                            IrStructFieldType {
                                name: "rst",
                                ty: BitVector {
                                    bit_count: 1,
                                },
                            },
                        ],
                    },
                },
                struct_field_type: IrStructFieldType {
                    name: "clk",
                    ty: BitVector {
                        bit_count: 1,
                    },
                },
                field_index: 0,
                ..
            },
            reset_enable: ExtractStructField {
                struct_value: IrModuleInput {
                    module: "top",
                    index: 0,
                    path: "io.cd",
                    value_type: IrStructType {
                        fields: [
                            IrStructFieldType {
                                name: "clk",
                                ty: BitVector {
                                    bit_count: 1,
                                },
                            },
                            IrStructFieldType {
                                name: "rst",
                                ty: BitVector {
                                    bit_count: 1,
                                },
                            },
                        ],
                    },
                },
                struct_field_type: IrStructFieldType {
                    name: "rst",
                    ty: BitVector {
                        bit_count: 1,
                    },
                },
                field_index: 1,
                ..
            },
            reset_value: LiteralBits {
                bit_count: 1,
                value: 0x0,
            },
            ..
        },
    },
    ..
}