IrModule {
    path: "top",
    source_location: SourceLocation($FILE, $LINE-1, 9),
    parent: <None>,
    interface_types: [
        Input(
            IrEnumType {
                discriminant_type: IrBitVectorType {
                    bit_count: 0,
                    signed: false,
                },
                variants: [],
                flattened_fields: IrBitVectorType {
                    bit_count: 0,
                    signed: false,
                },
            },
        ),
    ],
    interface: [
        Input(
            IrModuleInputData {
                external_value: ExternalInput {
                    value_type: IrEnumType {
                        discriminant_type: IrBitVectorType {
                            bit_count: 0,
                            signed: false,
                        },
                        variants: [],
                        flattened_fields: IrBitVectorType {
                            bit_count: 0,
                            signed: false,
                        },
                    },
                },
                module_input: IrModuleInput {
                    module: "top",
                    index: 0,
                    path: "io",
                    value_type: IrEnumType {
                        discriminant_type: IrBitVectorType {
                            bit_count: 0,
                            signed: false,
                        },
                        variants: [],
                        flattened_fields: IrBitVectorType {
                            bit_count: 0,
                            signed: false,
                        },
                    },
                },
            },
        ),
    ],
    wires: {},
    registers: {},
    ..
}