IrModule {
    path: "top",
    source_location: SourceLocation($FILE, $LINE-5, 9),
    parent: <None>,
    interface_types: [
        Input(
            IrBitVectorType {
                bit_count: 32,
                signed: false,
            },
        ),
        Output(
            IrBitVectorType {
                bit_count: 8,
                signed: false,
            },
        ),
    ],
    interface: [
        Input(
            IrModuleInputData {
                external_value: ExternalInput {
                    value_type: IrBitVectorType {
                        bit_count: 32,
                        signed: false,
                    },
                },
                module_input: IrModuleInput {
                    module: "top",
                    index: 0,
                    path: "io.i",
                    value_type: IrBitVectorType {
                        bit_count: 32,
                        signed: false,
                    },
                },
            },
        ),
        Output(
            IrModuleOutputData {
                output_read: IrOutputRead(
                    IrOutputReadData {
                        module: <None>,
                        value_type: IrBitVectorType {
                            bit_count: 8,
                            signed: false,
                        },
                        write_data: IrOutputWriteData {
                            writing_module: "top",
                            index: 1,
                        },
                    },
                ),
                wire: IrWire {
                    path: "top"."io.o",
                    source_location: SourceLocation($FILE, $LINE-5, 9),
                    value_type: IrBitVectorType {
                        bit_count: 8,
                        signed: false,
                    },
                    assigned_value: ConvertIntWrapping {
                        value_type: IrBitVectorType {
                            bit_count: 8,
                            signed: false,
                        },
                        input_type: IrBitVectorType {
                            bit_count: 8,
                            signed: false,
                        },
                        input: SliceBitVector {
                            base_value: IrModuleInput {
                                module: "top",
                                index: 0,
                                path: "io.i",
                                value_type: IrBitVectorType {
                                    bit_count: 32,
                                    signed: false,
                                },
                            },
                            value_type: IrBitVectorType {
                                bit_count: 8,
                                signed: false,
                            },
                            bit_indexes: 8..16,
                            ..
                        },
                    },
                    ..
                },
            },
        ),
    ],
    wires: {
        "io.o": IrWire {
            source_location: SourceLocation($FILE, $LINE-5, 9),
            value_type: IrBitVectorType {
                bit_count: 8,
                signed: false,
            },
            assigned_value: ConvertIntWrapping {
                value_type: IrBitVectorType {
                    bit_count: 8,
                    signed: false,
                },
                input_type: IrBitVectorType {
                    bit_count: 8,
                    signed: false,
                },
                input: SliceBitVector {
                    base_value: IrModuleInput {
                        module: "top",
                        index: 0,
                        path: "io.i",
                        value_type: IrBitVectorType {
                            bit_count: 32,
                            signed: false,
                        },
                    },
                    value_type: IrBitVectorType {
                        bit_count: 8,
                        signed: false,
                    },
                    bit_indexes: 8..16,
                    ..
                },
            },
            ..
        },
    },
    registers: {},
    ..
}