attribute \generator "rust-hdl"
attribute \src "$FILE:$LINE-5.9"
module \top
  attribute \src "$FILE:$LINE-5.9"
  wire width 1 input 1 \io.input
end
