IrModule {
    path: "top"."submodule"."sub_submodule",
    source_location: SourceLocation($FILE, $LINE-5, 9),
    parent: "top"."submodule",
    interface_types: [
        Input(
            IrBitVectorType {
                bit_count: 1,
                signed: false,
            },
        ),
        Output(
            IrBitVectorType {
                bit_count: 1,
                signed: false,
            },
        ),
    ],
    interface: [
        Input(
            IrModuleInputData {
                external_value: Input {
                    value: IrModuleInput {
                        module: "top"."submodule",
                        index: 0,
                        path: "io.0",
                        value_type: IrBitVectorType {
                            bit_count: 1,
                            signed: false,
                        },
                    },
                },
                module_input: IrModuleInput {
                    module: "top"."submodule"."sub_submodule",
                    index: 0,
                    path: "io.0",
                    value_type: IrBitVectorType {
                        bit_count: 1,
                        signed: false,
                    },
                },
            },
        ),
        Output(
            IrModuleOutputData {
                output_read: IrOutputRead(
                    IrOutputReadData {
                        module: "top"."submodule",
                        value_type: IrBitVectorType {
                            bit_count: 1,
                            signed: false,
                        },
                        write_data: IrOutputWriteData {
                            writing_module: "top"."submodule"."sub_submodule",
                            index: 1,
                        },
                    },
                ),
                wire: IrWire {
                    path: "top"."submodule"."sub_submodule"."io.1",
                    source_location: SourceLocation($FILE, $LINE-5, 9),
                    value_type: IrBitVectorType {
                        bit_count: 1,
                        signed: false,
                    },
                    assigned_value: LiteralBits {
                        value: 0x0_u1,
                    },
                    ..
                },
            },
        ),
    ],
    wires: {
        "io.1": IrWire {
            source_location: SourceLocation($FILE, $LINE-5, 9),
            value_type: IrBitVectorType {
                bit_count: 1,
                signed: false,
            },
            assigned_value: LiteralBits {
                value: 0x0_u1,
            },
            ..
        },
    },
    registers: {},
    ..
}