IrModule {
    path: "top",
    source_location: SourceLocation($FILE, $LINE-8, 9),
    parent: <None>,
    interface_types: [],
    interface: [],
    wires: {},
    registers: {},
    ..
}