Input {
    ir: Input {
        value: IrModuleInput {
            module: "top"."submodule",
            index: 0,
            path: "io.0",
            value_type: IrBitVectorType {
                bit_count: 1,
            },
        },
    },
    value_type: ValueType(
        IrBitVectorType {
            bit_count: 1,
        },
    ),
}