IrModule {
    path: "top"."submodule",
    source_location: SourceLocation($FILE, $LINE-2, 9),
    parent: "top",
    interface_types: [
        Input(
            BitVector {
                bit_count: 1,
            },
        ),
        Output(
            BitVector {
                bit_count: 32,
            },
        ),
        Input(
            Array {
                element: BitVector {
                    bit_count: 8,
                },
                length: 1,
            },
        ),
    ],
    interface: [
        Input(
            IrModuleInputData {
                external_value: Input {
                    value: LiteralBits {
                        bit_count: 1,
                        value: 0x1,
                    },
                },
                module_input: IrModuleInput {
                    module: "top"."submodule",
                    index: 0,
                    path: "io.0",
                    value_type: BitVector {
                        bit_count: 1,
                    },
                },
            },
        ),
        Output(
            IrWire {
                path: "top"."submodule"."io.1",
                source_location: SourceLocation($FILE, $LINE-2, 9),
                value_type: BitVector {
                    bit_count: 32,
                },
                assigned_value: <None>,
                ..
            },
        ),
        Input(
            IrModuleInputData {
                external_value: Input {
                    value: LiteralArray {
                        element_type: BitVector {
                            bit_count: 8,
                        },
                        owning_module: None,
                        elements: [
                            LiteralBits {
                                bit_count: 8,
                                value: 0x23,
                            },
                        ],
                    },
                },
                module_input: IrModuleInput {
                    module: "top"."submodule",
                    index: 2,
                    path: "io.2",
                    value_type: Array {
                        element: BitVector {
                            bit_count: 8,
                        },
                        length: 1,
                    },
                },
            },
        ),
    ],
    wires: {
        "io.1": IrWire {
            source_location: SourceLocation($FILE, $LINE-2, 9),
            value_type: BitVector {
                bit_count: 32,
            },
            assigned_value: <None>,
            ..
        },
    },
    registers: {},
    ..
}