IrModule {
    path: "top",
    source_location: SourceLocation($FILE, $LINE-3, 9),
    parent: <None>,
    interface_types: [
        Input(
            IrArrayType {
                element: IrBitVectorType {
                    bit_count: 1,
                    signed: false,
                },
                length: 5,
            },
        ),
        Output(
            IrBitVectorType {
                bit_count: 1,
                signed: false,
            },
        ),
    ],
    interface: [
        Input(
            IrModuleInputData {
                external_value: ExternalInput {
                    value_type: IrArrayType {
                        element: IrBitVectorType {
                            bit_count: 1,
                            signed: false,
                        },
                        length: 5,
                    },
                },
                module_input: IrModuleInput {
                    module: "top",
                    index: 0,
                    path: "io.input",
                    value_type: IrArrayType {
                        element: IrBitVectorType {
                            bit_count: 1,
                            signed: false,
                        },
                        length: 5,
                    },
                },
            },
        ),
        Output(
            IrModuleOutputData {
                output_read: IrOutputRead(
                    IrOutputReadData {
                        module: <None>,
                        value_type: IrBitVectorType {
                            bit_count: 1,
                            signed: false,
                        },
                        write_data: IrOutputWriteData {
                            writing_module: "top",
                            index: 1,
                        },
                    },
                ),
                wire: IrWire {
                    path: "top"."io.out",
                    source_location: SourceLocation($FILE, $LINE-3, 9),
                    value_type: IrBitVectorType {
                        bit_count: 1,
                        signed: false,
                    },
                    assigned_value: ExtractArrayElement {
                        array_value: IrModuleInput {
                            module: "top",
                            index: 0,
                            path: "io.input",
                            value_type: IrArrayType {
                                element: IrBitVectorType {
                                    bit_count: 1,
                                    signed: false,
                                },
                                length: 5,
                            },
                        },
                        value_type: IrBitVectorType {
                            bit_count: 1,
                            signed: false,
                        },
                        element_index: 3,
                        ..
                    },
                    ..
                },
            },
        ),
    ],
    wires: {
        "io.out": IrWire {
            source_location: SourceLocation($FILE, $LINE-3, 9),
            value_type: IrBitVectorType {
                bit_count: 1,
                signed: false,
            },
            assigned_value: ExtractArrayElement {
                array_value: IrModuleInput {
                    module: "top",
                    index: 0,
                    path: "io.input",
                    value_type: IrArrayType {
                        element: IrBitVectorType {
                            bit_count: 1,
                            signed: false,
                        },
                        length: 5,
                    },
                },
                value_type: IrBitVectorType {
                    bit_count: 1,
                    signed: false,
                },
                element_index: 3,
                ..
            },
            ..
        },
    },
    registers: {},
    ..
}