IrModule {
    path: "top",
    source_location: SourceLocation($FILE, $LINE-3, 9),
    parent: <None>,
    interface_types: [
        Input(
            IrBitVectorType {
                bit_count: 1,
                signed: false,
            },
        ),
        Input(
            IrBitVectorType {
                bit_count: 1,
                signed: false,
            },
        ),
        Input(
            IrBitVectorType {
                bit_count: 1,
                signed: false,
            },
        ),
        Output(
            IrArrayType {
                element: IrBitVectorType {
                    bit_count: 1,
                    signed: false,
                },
                length: 3,
            },
        ),
    ],
    interface: [
        Input(
            IrModuleInputData {
                external_value: ExternalInput {
                    value_type: IrBitVectorType {
                        bit_count: 1,
                        signed: false,
                    },
                },
                module_input: IrModuleInput {
                    module: "top",
                    index: 0,
                    path: "io.in0",
                    value_type: IrBitVectorType {
                        bit_count: 1,
                        signed: false,
                    },
                },
            },
        ),
        Input(
            IrModuleInputData {
                external_value: ExternalInput {
                    value_type: IrBitVectorType {
                        bit_count: 1,
                        signed: false,
                    },
                },
                module_input: IrModuleInput {
                    module: "top",
                    index: 1,
                    path: "io.in1",
                    value_type: IrBitVectorType {
                        bit_count: 1,
                        signed: false,
                    },
                },
            },
        ),
        Input(
            IrModuleInputData {
                external_value: ExternalInput {
                    value_type: IrBitVectorType {
                        bit_count: 1,
                        signed: false,
                    },
                },
                module_input: IrModuleInput {
                    module: "top",
                    index: 2,
                    path: "io.in2",
                    value_type: IrBitVectorType {
                        bit_count: 1,
                        signed: false,
                    },
                },
            },
        ),
        Output(
            IrModuleOutputData {
                output_read: IrOutputRead(
                    IrOutputReadData {
                        module: <None>,
                        value_type: IrArrayType {
                            element: IrBitVectorType {
                                bit_count: 1,
                                signed: false,
                            },
                            length: 3,
                        },
                        write_data: IrOutputWriteData {
                            writing_module: "top",
                            index: 3,
                        },
                    },
                ),
                wire: IrWire {
                    path: "top"."io.out",
                    source_location: SourceLocation($FILE, $LINE-3, 9),
                    value_type: IrArrayType {
                        element: IrBitVectorType {
                            bit_count: 1,
                            signed: false,
                        },
                        length: 3,
                    },
                    assigned_value: LiteralArray {
                        element_type: IrBitVectorType {
                            bit_count: 1,
                            signed: false,
                        },
                        scope: Some(
                            Scope {
                                source_location: SourceLocation($FILE, $LINE-3, 9),
                                path: "top",
                                ..
                            },
                        ),
                        elements: [
                            IrModuleInput {
                                module: "top",
                                index: 0,
                                path: "io.in0",
                                value_type: IrBitVectorType {
                                    bit_count: 1,
                                    signed: false,
                                },
                            },
                            IrModuleInput {
                                module: "top",
                                index: 1,
                                path: "io.in1",
                                value_type: IrBitVectorType {
                                    bit_count: 1,
                                    signed: false,
                                },
                            },
                            IrModuleInput {
                                module: "top",
                                index: 2,
                                path: "io.in2",
                                value_type: IrBitVectorType {
                                    bit_count: 1,
                                    signed: false,
                                },
                            },
                        ],
                    },
                    ..
                },
            },
        ),
    ],
    wires: {
        "io.out": IrWire {
            source_location: SourceLocation($FILE, $LINE-3, 9),
            value_type: IrArrayType {
                element: IrBitVectorType {
                    bit_count: 1,
                    signed: false,
                },
                length: 3,
            },
            assigned_value: LiteralArray {
                element_type: IrBitVectorType {
                    bit_count: 1,
                    signed: false,
                },
                scope: Some(
                    Scope {
                        source_location: SourceLocation($FILE, $LINE-3, 9),
                        path: "top",
                        ..
                    },
                ),
                elements: [
                    IrModuleInput {
                        module: "top",
                        index: 0,
                        path: "io.in0",
                        value_type: IrBitVectorType {
                            bit_count: 1,
                            signed: false,
                        },
                    },
                    IrModuleInput {
                        module: "top",
                        index: 1,
                        path: "io.in1",
                        value_type: IrBitVectorType {
                            bit_count: 1,
                            signed: false,
                        },
                    },
                    IrModuleInput {
                        module: "top",
                        index: 2,
                        path: "io.in2",
                        value_type: IrBitVectorType {
                            bit_count: 1,
                            signed: false,
                        },
                    },
                ],
            },
            ..
        },
    },
    registers: {},
    ..
}