attribute \generator "rust-hdl"
attribute \src "$FILE:$LINE-5.9"
module \top
  attribute \src "$FILE:$LINE-5.9"
  wire width 1 input 0 \io.in0
  attribute \src "$FILE:$LINE-5.9"
  wire width 1 input 1 \io.in1
  attribute \src "$FILE:$LINE-5.9"
  wire width 1 input 2 \io.in2
  attribute \src "$FILE:$LINE-5.9"
  wire width 1 output 3 \io.out[0]
  attribute \src "$FILE:$LINE-5.9"
  wire width 1 output 4 \io.out[1]
  attribute \src "$FILE:$LINE-5.9"
  wire width 1 output 5 \io.out[2]
  connect \io.out[0] \io.in0
  connect \io.out[1] \io.in1
  connect \io.out[2] \io.in2
end
