attribute \generator "rust-hdl"
attribute \src "$FILE:$LINE-5.9"
module \top
  attribute \src "$FILE:$LINE-5.9"
  wire width 8 input 1 \io.lhs
  attribute \src "$FILE:$LINE-5.9"
  wire width 8 input 2 \io.rhs
  attribute \src "$FILE:$LINE-5.9"
  wire width 1 output 3 \io.out
  wire width 1 $0
  cell $lt $1
    parameter \A_SIGNED 1
    parameter \A_WIDTH 8
    parameter \B_SIGNED 1
    parameter \B_WIDTH 8
    parameter \Y_WIDTH 1
    connect \A \io.lhs
    connect \B \io.rhs
    connect \Y $0
    end
  connect \io.out $0
end
