IrModule {
    path: "top",
    source_location: SourceLocation($FILE, $LINE-13, 9),
    parent: <None>,
    interface_types: [
        Input(
            IrBitVectorType {
                bit_count: 8,
                signed: false,
            },
        ),
        Input(
            IrBitVectorType {
                bit_count: 8,
                signed: false,
            },
        ),
        Input(
            IrBitVectorType {
                bit_count: 8,
                signed: false,
            },
        ),
        Output(
            IrBitVectorType {
                bit_count: 24,
                signed: false,
            },
        ),
    ],
    interface: [
        Input(
            IrModuleInputData {
                external_value: ExternalInput {
                    value_type: IrBitVectorType {
                        bit_count: 8,
                        signed: false,
                    },
                },
                module_input: IrModuleInput {
                    module: "top",
                    index: 0,
                    path: "io.a",
                    value_type: IrBitVectorType {
                        bit_count: 8,
                        signed: false,
                    },
                },
            },
        ),
        Input(
            IrModuleInputData {
                external_value: ExternalInput {
                    value_type: IrBitVectorType {
                        bit_count: 8,
                        signed: false,
                    },
                },
                module_input: IrModuleInput {
                    module: "top",
                    index: 1,
                    path: "io.b",
                    value_type: IrBitVectorType {
                        bit_count: 8,
                        signed: false,
                    },
                },
            },
        ),
        Input(
            IrModuleInputData {
                external_value: ExternalInput {
                    value_type: IrBitVectorType {
                        bit_count: 8,
                        signed: false,
                    },
                },
                module_input: IrModuleInput {
                    module: "top",
                    index: 2,
                    path: "io.c",
                    value_type: IrBitVectorType {
                        bit_count: 8,
                        signed: false,
                    },
                },
            },
        ),
        Output(
            IrModuleOutputData {
                output_read: IrOutputRead(
                    IrOutputReadData {
                        module: <None>,
                        value_type: IrBitVectorType {
                            bit_count: 24,
                            signed: false,
                        },
                        write_data: IrOutputWriteData {
                            writing_module: "top",
                            index: 3,
                        },
                    },
                ),
                wire: IrWire {
                    path: "top"."io.o",
                    source_location: SourceLocation($FILE, $LINE-13, 9),
                    value_type: IrBitVectorType {
                        bit_count: 24,
                        signed: false,
                    },
                    assigned_value: ConcatBitVectors {
                        value_type: IrBitVectorType {
                            bit_count: 24,
                            signed: false,
                        },
                        owning_scope: Some(
                            IrModule {
                                path: "top",
                                ..
                            },
                        ),
                        bit_vectors: [
                            IrModuleInput {
                                module: "top",
                                index: 0,
                                path: "io.a",
                                value_type: IrBitVectorType {
                                    bit_count: 8,
                                    signed: false,
                                },
                            },
                            IrModuleInput {
                                module: "top",
                                index: 1,
                                path: "io.b",
                                value_type: IrBitVectorType {
                                    bit_count: 8,
                                    signed: false,
                                },
                            },
                            IrModuleInput {
                                module: "top",
                                index: 2,
                                path: "io.c",
                                value_type: IrBitVectorType {
                                    bit_count: 8,
                                    signed: false,
                                },
                            },
                        ],
                    },
                    ..
                },
            },
        ),
    ],
    wires: {
        "io.o": IrWire {
            source_location: SourceLocation($FILE, $LINE-13, 9),
            value_type: IrBitVectorType {
                bit_count: 24,
                signed: false,
            },
            assigned_value: ConcatBitVectors {
                value_type: IrBitVectorType {
                    bit_count: 24,
                    signed: false,
                },
                owning_scope: Some(
                    IrModule {
                        path: "top",
                        ..
                    },
                ),
                bit_vectors: [
                    IrModuleInput {
                        module: "top",
                        index: 0,
                        path: "io.a",
                        value_type: IrBitVectorType {
                            bit_count: 8,
                            signed: false,
                        },
                    },
                    IrModuleInput {
                        module: "top",
                        index: 1,
                        path: "io.b",
                        value_type: IrBitVectorType {
                            bit_count: 8,
                            signed: false,
                        },
                    },
                    IrModuleInput {
                        module: "top",
                        index: 2,
                        path: "io.c",
                        value_type: IrBitVectorType {
                            bit_count: 8,
                            signed: false,
                        },
                    },
                ],
            },
            ..
        },
    },
    registers: {},
    ..
}