IrModule {
    path: "top",
    source_location: SourceLocation($FILE, $LINE-2, 9),
    parent: <None>,
    interface_types: [
        Output(
            IrArrayType {
                element: IrBitVectorType {
                    bit_count: 8,
                    signed: false,
                },
                length: 12,
            },
        ),
    ],
    interface: [
        Output(
            IrModuleOutputData {
                output_read: IrOutputRead(
                    IrOutputReadData {
                        module: <None>,
                        value_type: IrArrayType {
                            element: IrBitVectorType {
                                bit_count: 8,
                                signed: false,
                            },
                            length: 12,
                        },
                        write_data: IrOutputWriteData {
                            writing_module: "top",
                            index: 0,
                        },
                    },
                ),
                wire: IrWire {
                    path: "top"."io",
                    source_location: SourceLocation($FILE, $LINE-2, 9),
                    value_type: IrArrayType {
                        element: IrBitVectorType {
                            bit_count: 8,
                            signed: false,
                        },
                        length: 12,
                    },
                    assigned_value: LiteralArray {
                        element_type: IrBitVectorType {
                            bit_count: 8,
                            signed: false,
                        },
                        scope: None,
                        elements: [
                            LiteralBits {
                                value: 0x48_u8,
                            },
                            LiteralBits {
                                value: 0x65_u8,
                            },
                            LiteralBits {
                                value: 0x6c_u8,
                            },
                            LiteralBits {
                                value: 0x6c_u8,
                            },
                            LiteralBits {
                                value: 0x6f_u8,
                            },
                            LiteralBits {
                                value: 0x20_u8,
                            },
                            LiteralBits {
                                value: 0x57_u8,
                            },
                            LiteralBits {
                                value: 0x6f_u8,
                            },
                            LiteralBits {
                                value: 0x72_u8,
                            },
                            LiteralBits {
                                value: 0x6c_u8,
                            },
                            LiteralBits {
                                value: 0x64_u8,
                            },
                            LiteralBits {
                                value: 0x21_u8,
                            },
                        ],
                    },
                    ..
                },
            },
        ),
    ],
    wires: {
        "io": IrWire {
            source_location: SourceLocation($FILE, $LINE-2, 9),
            value_type: IrArrayType {
                element: IrBitVectorType {
                    bit_count: 8,
                    signed: false,
                },
                length: 12,
            },
            assigned_value: LiteralArray {
                element_type: IrBitVectorType {
                    bit_count: 8,
                    signed: false,
                },
                scope: None,
                elements: [
                    LiteralBits {
                        value: 0x48_u8,
                    },
                    LiteralBits {
                        value: 0x65_u8,
                    },
                    LiteralBits {
                        value: 0x6c_u8,
                    },
                    LiteralBits {
                        value: 0x6c_u8,
                    },
                    LiteralBits {
                        value: 0x6f_u8,
                    },
                    LiteralBits {
                        value: 0x20_u8,
                    },
                    LiteralBits {
                        value: 0x57_u8,
                    },
                    LiteralBits {
                        value: 0x6f_u8,
                    },
                    LiteralBits {
                        value: 0x72_u8,
                    },
                    LiteralBits {
                        value: 0x6c_u8,
                    },
                    LiteralBits {
                        value: 0x64_u8,
                    },
                    LiteralBits {
                        value: 0x21_u8,
                    },
                ],
            },
            ..
        },
    },
    registers: {},
    ..
}