attribute \generator "rust-hdl"
attribute \src "$FILE:$LINE-5.9"
module \top
  attribute \src "$FILE:$LINE-5.9"
  wire width 16 input 1 \io.input
  attribute \src "$FILE:$LINE-5.9"
  wire width 8 output 2 \io.out
  wire width 8 $0
  cell $pos $1
    parameter \A_SIGNED 0
    parameter \A_WIDTH 16
    parameter \Y_WIDTH 8
    connect \A \io.input
    connect \Y $0
  end
  connect \io.out $0
end
