attribute \generator "rust-hdl"
attribute \src "$FILE:$LINE-9.9"
module \top
  attribute \src "$FILE:$LINE-9.9"
  wire width 1 output 1 \io.out.$discriminant
  attribute \src "$FILE:$LINE-9.9"
  wire width 33 output 2 \io.out.$fields
  attribute \src "$FILE:$LINE-9.9"
  wire width 32 input 3 \io.v0
  attribute \src "$FILE:$LINE-9.9"
  wire width 1 input 4 \io.v1
  wire width 1 $0
  connect $0 1'0
  wire width 33 $1
  connect $1 { \io.v1 \io.v0 }
  connect \io.out.$discriminant $0
  connect \io.out.$fields $1
end
