attribute \generator "rust-hdl"
attribute \src "$FILE:$LINE-4.9"
module \top
  attribute \src "$FILE:$LINE-4.9"
  wire width 4 input 1 \io.value
  attribute \src "$FILE:$LINE-4.9"
  wire width 8 output 2 \io.out
  wire width 4 $0
  connect $0 4'0000
  wire width 1 $1
  cell $eq $2
    parameter \A_SIGNED 0
    parameter \A_WIDTH 4
    parameter \B_SIGNED 0
    parameter \B_WIDTH 4
    parameter \Y_WIDTH 1
    connect \A \io.value
    connect \B $0
    connect \Y $1
  end
  wire width 4 $3
  connect $3 4'0101
  wire width 1 $4
  cell $eq $5
    parameter \A_SIGNED 0
    parameter \A_WIDTH 4
    parameter \B_SIGNED 0
    parameter \B_WIDTH 4
    parameter \Y_WIDTH 1
    connect \A \io.value
    connect \B $3
    connect \Y $4
  end
  wire width 1 $6
  cell $or $7
    parameter \A_SIGNED 0
    parameter \A_WIDTH 1
    parameter \B_SIGNED 0
    parameter \B_WIDTH 1
    parameter \Y_WIDTH 1
    connect \A $1
    connect \B $4
    connect \Y $6
  end
  wire width 8 $8
  connect $8 8'00000000
  wire width 4 $9
  connect $9 4'1111
  wire width 1 $10
  cell $eq $11
    parameter \A_SIGNED 0
    parameter \A_WIDTH 4
    parameter \B_SIGNED 0
    parameter \B_WIDTH 4
    parameter \Y_WIDTH 1
    connect \A \io.value
    connect \B $9
    connect \Y $10
  end
  wire width 8 $12
  connect $12 8'00000101
  wire width 8 $13
  connect $13 8'00000010
  wire width 8 $14
  cell $mux $15
    parameter \WIDTH 8
    connect \S $10
    connect \A $13
    connect \B $12
    connect \Y $14
  end
  wire width 8 $16
  cell $mux $17
    parameter \WIDTH 8
    connect \S $6
    connect \A $14
    connect \B $8
    connect \Y $16
  end
  connect \io.out $16
end
