attribute \generator "rust-hdl"
attribute \src "$FILE:$LINE-15.9"
module \top
  attribute \src "$FILE:$LINE-15.9"
  wire width 1 input 1 \io.cond
  attribute \src "$FILE:$LINE-15.9"
  wire width 8 input 2 \io.true_value
  attribute \src "$FILE:$LINE-15.9"
  wire width 8 input 3 \io.false_value
  attribute \src "$FILE:$LINE-15.9"
  wire width 8 output 4 \io.out
  wire width 8 $0
  cell $mux $1
    parameter \WIDTH 8
    connect \S \io.cond
    connect \A \io.false_value
    connect \B \io.true_value
    connect \Y $0
  end
  connect \io.out $0
end
