IrModule {
    path: "top",
    source_location: SourceLocation($FILE, $LINE-1, 9),
    parent: <None>,
    interface_types: [
        Input(
            IrAggregateType {
                discriminant_type: IrBitVectorType {
                    bit_count: 3,
                    signed: false,
                },
                variants: [
                    IrVariantType {
                        name: "A",
                        discriminant: LiteralBits {
                            value: 0x0_u3,
                        },
                        fields: [
                            IrFieldType {
                                name: "f1",
                                ty: IrBitVectorType {
                                    bit_count: 8,
                                    signed: true,
                                },
                            },
                        ],
                        flattened_fields: IrBitVectorType {
                            bit_count: 8,
                            signed: true,
                        },
                    },
                    IrVariantType {
                        name: "B",
                        discriminant: LiteralBits {
                            value: 0x1_u3,
                        },
                        fields: [],
                        flattened_fields: IrBitVectorType {
                            bit_count: 0,
                            signed: false,
                        },
                    },
                    IrVariantType {
                        name: "C",
                        discriminant: LiteralBits {
                            value: 0x2_u3,
                        },
                        fields: [],
                        flattened_fields: IrBitVectorType {
                            bit_count: 0,
                            signed: false,
                        },
                    },
                    IrVariantType {
                        name: "D",
                        discriminant: LiteralBits {
                            value: 0x3_u3,
                        },
                        fields: [
                            IrFieldType {
                                name: "0",
                                ty: IrBitVectorType {
                                    bit_count: 8,
                                    signed: false,
                                },
                            },
                        ],
                        flattened_fields: IrBitVectorType {
                            bit_count: 8,
                            signed: false,
                        },
                    },
                    IrVariantType {
                        name: "E",
                        discriminant: LiteralBits {
                            value: 0x4_u3,
                        },
                        fields: [],
                        flattened_fields: IrBitVectorType {
                            bit_count: 0,
                            signed: false,
                        },
                    },
                    IrVariantType {
                        name: "F",
                        discriminant: LiteralBits {
                            value: 0x5_u3,
                        },
                        fields: [],
                        flattened_fields: IrBitVectorType {
                            bit_count: 0,
                            signed: false,
                        },
                    },
                ],
                flattened_fields: IrBitVectorType {
                    bit_count: 8,
                    signed: false,
                },
            },
        ),
    ],
    interface: [
        Input(
            IrModuleInputData {
                external_value: ExternalInput {
                    value_type: IrAggregateType {
                        discriminant_type: IrBitVectorType {
                            bit_count: 3,
                            signed: false,
                        },
                        variants: [
                            IrVariantType {
                                name: "A",
                                discriminant: LiteralBits {
                                    value: 0x0_u3,
                                },
                                fields: [
                                    IrFieldType {
                                        name: "f1",
                                        ty: IrBitVectorType {
                                            bit_count: 8,
                                            signed: true,
                                        },
                                    },
                                ],
                                flattened_fields: IrBitVectorType {
                                    bit_count: 8,
                                    signed: true,
                                },
                            },
                            IrVariantType {
                                name: "B",
                                discriminant: LiteralBits {
                                    value: 0x1_u3,
                                },
                                fields: [],
                                flattened_fields: IrBitVectorType {
                                    bit_count: 0,
                                    signed: false,
                                },
                            },
                            IrVariantType {
                                name: "C",
                                discriminant: LiteralBits {
                                    value: 0x2_u3,
                                },
                                fields: [],
                                flattened_fields: IrBitVectorType {
                                    bit_count: 0,
                                    signed: false,
                                },
                            },
                            IrVariantType {
                                name: "D",
                                discriminant: LiteralBits {
                                    value: 0x3_u3,
                                },
                                fields: [
                                    IrFieldType {
                                        name: "0",
                                        ty: IrBitVectorType {
                                            bit_count: 8,
                                            signed: false,
                                        },
                                    },
                                ],
                                flattened_fields: IrBitVectorType {
                                    bit_count: 8,
                                    signed: false,
                                },
                            },
                            IrVariantType {
                                name: "E",
                                discriminant: LiteralBits {
                                    value: 0x4_u3,
                                },
                                fields: [],
                                flattened_fields: IrBitVectorType {
                                    bit_count: 0,
                                    signed: false,
                                },
                            },
                            IrVariantType {
                                name: "F",
                                discriminant: LiteralBits {
                                    value: 0x5_u3,
                                },
                                fields: [],
                                flattened_fields: IrBitVectorType {
                                    bit_count: 0,
                                    signed: false,
                                },
                            },
                        ],
                        flattened_fields: IrBitVectorType {
                            bit_count: 8,
                            signed: false,
                        },
                    },
                },
                module_input: IrModuleInput {
                    module: "top",
                    index: 0,
                    path: "io",
                    value_type: IrAggregateType {
                        discriminant_type: IrBitVectorType {
                            bit_count: 3,
                            signed: false,
                        },
                        variants: [
                            IrVariantType {
                                name: "A",
                                discriminant: LiteralBits {
                                    value: 0x0_u3,
                                },
                                fields: [
                                    IrFieldType {
                                        name: "f1",
                                        ty: IrBitVectorType {
                                            bit_count: 8,
                                            signed: true,
                                        },
                                    },
                                ],
                                flattened_fields: IrBitVectorType {
                                    bit_count: 8,
                                    signed: true,
                                },
                            },
                            IrVariantType {
                                name: "B",
                                discriminant: LiteralBits {
                                    value: 0x1_u3,
                                },
                                fields: [],
                                flattened_fields: IrBitVectorType {
                                    bit_count: 0,
                                    signed: false,
                                },
                            },
                            IrVariantType {
                                name: "C",
                                discriminant: LiteralBits {
                                    value: 0x2_u3,
                                },
                                fields: [],
                                flattened_fields: IrBitVectorType {
                                    bit_count: 0,
                                    signed: false,
                                },
                            },
                            IrVariantType {
                                name: "D",
                                discriminant: LiteralBits {
                                    value: 0x3_u3,
                                },
                                fields: [
                                    IrFieldType {
                                        name: "0",
                                        ty: IrBitVectorType {
                                            bit_count: 8,
                                            signed: false,
                                        },
                                    },
                                ],
                                flattened_fields: IrBitVectorType {
                                    bit_count: 8,
                                    signed: false,
                                },
                            },
                            IrVariantType {
                                name: "E",
                                discriminant: LiteralBits {
                                    value: 0x4_u3,
                                },
                                fields: [],
                                flattened_fields: IrBitVectorType {
                                    bit_count: 0,
                                    signed: false,
                                },
                            },
                            IrVariantType {
                                name: "F",
                                discriminant: LiteralBits {
                                    value: 0x5_u3,
                                },
                                fields: [],
                                flattened_fields: IrBitVectorType {
                                    bit_count: 0,
                                    signed: false,
                                },
                            },
                        ],
                        flattened_fields: IrBitVectorType {
                            bit_count: 8,
                            signed: false,
                        },
                    },
                },
            },
        ),
    ],
    wires: {},
    registers: {},
    ..
}