attribute \generator "rust-hdl"
attribute \src "$FILE:$LINE-4.9"
module \top
  attribute \src "$FILE:$LINE-4.9"
  wire width 4 input 1 \io.value
  attribute \src "$FILE:$LINE-4.9"
  wire width 1 output 2 \io.out
  wire width 4 $0
  connect $0 4'0101
  wire width 1 $1
  cell $eq $2
    parameter \A_SIGNED 0
    parameter \A_WIDTH 4
    parameter \B_SIGNED 0
    parameter \B_WIDTH 4
    parameter \Y_WIDTH 1
    connect \A \io.value
    connect \B $0
    connect \Y $1
  end
  wire width 1 $3
  connect $3 1'1
  wire width 1 $4
  connect $4 1'0
  wire width 1 $5
  cell $mux $6
    parameter \WIDTH 1
    connect \S $1
    connect \A $4
    connect \B $3
    connect \Y $5
  end
  connect \io.out $5
end
