attribute \generator "rust-hdl"
attribute \src "$FILE:$LINE-5.9"
module \top
  attribute \src "$FILE:$LINE-5.9"
  wire width 8 input 0 \io.lhs
  attribute \src "$FILE:$LINE-5.9"
  wire width 8 input 1 \io.rhs
  attribute \src "$FILE:$LINE-5.9"
  wire width 8 output 2 \io.out
  wire width 8 $0
  cell $add $1
    parameter \A_SIGNED 0
    parameter \A_WIDTH 8
    parameter \B_SIGNED 0
    parameter \B_WIDTH 8
    parameter \Y_WIDTH 8
    connect \A \io.lhs
    connect \B \io.rhs
    connect \Y $0
  end
  connect \io.out $0
end
